files/174.csv
id,week,center_id,meal_id,checkout_price,base_price,emailer_for_promotion,homepage_featured,num_orders
1437348,1,174,1207,323.98,387.06,0,0,431
1497994,2,174,1207,322.1,387.06,0,1,405
1339992,3,174,1207,323.07,387.06,1,1,351
1487572,4,174,1207,323.98,388.06,0,1,216
1226997,5,174,1207,388,389,0,0,134
1030423,6,174,1207,384.15,383.15,0,0,107
1057338,7,174,1207,386.09,385.09,0,0,177
1458812,8,174,1207,384.12,384.12,0,0,150
1455134,9,174,1207,388,388,0,0,95
1297165,10,174,1207,389,388,0,0,69
1126106,11,174,1207,390,388,0,0,67
1416290,12,174,1207,383.18,382.18,0,0,94
1386534,13,174,1207,388,388,0,0,122
1202291,14,174,1207,321.07,390,1,1,366
1043295,15,174,1207,323.07,390,0,0,648
1464500,16,174,1207,322.1,388,0,1,364
1136251,17,174,1207,323.01,390,1,1,581
1049620,18,174,1207,325.01,388,1,1,486
1195962,19,174,1207,388,389,0,0,96
1347055,20,174,1207,388,390,0,0,69
1133199,21,174,1207,359.87,360.87,0,0,109
1214243,22,174,1207,389,388,0,0,175
1068124,23,174,1207,385.12,386.12,0,0,121
1108930,24,174,1207,383.18,383.18,0,0,94
1281467,25,174,1207,421.04,419.04,0,0,53
1309397,26,174,1207,388,389,0,0,69
1460322,27,174,1207,385.15,383.15,0,0,108
1043362,28,174,1207,382.18,384.18,0,0,95
1176464,29,174,1207,388.06,388.06,0,0,258
1470528,30,174,1207,390,390,0,0,149
1112860,31,174,1207,402.61,400.61,0,0,135
1114664,32,174,1207,386.12,386.12,0,0,149
1242707,33,174,1207,334.65,385.12,1,1,364
1021796,34,174,1207,340.53,386.12,0,1,460
1385201,35,174,1207,475.33,475.33,0,0,94
1314352,36,174,1207,473.42,471.42,0,0,189
1183502,37,174,1207,475.33,476.33,0,0,26
1488552,38,174,1207,460.81,459.81,0,0,42
1071570,39,174,1207,363.81,460.81,0,0,28
1004525,40,174,1207,474.33,475.33,0,0,14
1147155,41,174,1207,465.63,464.63,0,0,69
1333097,42,174,1207,476.33,475.33,0,0,163
1414346,43,174,1207,432.62,433.62,0,0,94
1217011,44,174,1207,470.45,472.45,0,0,189
1462787,45,174,1207,401.58,472.45,0,0,54
1423971,46,174,1207,462.69,464.69,0,0,55
1267840,47,174,1207,466.63,465.63,0,0,68
1221570,48,174,1207,470.48,469.48,0,0,244
1211429,49,174,1207,288.15,471.48,1,0,851
1127269,50,174,1207,288.09,471.48,0,1,676
1384223,51,174,1207,286.18,471.48,1,0,674
1068298,52,174,1207,288.12,469.48,1,1,1026
1170298,53,174,1207,290.09,470.48,0,1,1135
1335385,54,174,1207,292.94,471.48,0,0,676
1345641,55,174,1207,342.41,471.48,0,1,323
1233547,56,174,1207,471.45,472.45,0,0,175
1058356,57,174,1207,461.72,462.72,0,0,216
1319341,58,174,1207,446.23,447.23,0,0,69
1062286,59,174,1207,466.63,465.63,0,0,176
1368527,60,174,1207,456.87,456.87,0,0,163
1078388,61,174,1207,466.63,466.63,0,0,69
1241345,62,174,1207,408.43,465.63,0,0,26
1119784,64,174,1207,464.63,466.63,0,0,81
1225806,65,174,1207,358.9,466.63,0,1,216
1060274,66,174,1207,369.63,464.63,0,1,40
1455097,67,174,1207,352.11,465.63,0,1,285
1270303,68,174,1207,464.63,465.63,0,0,94
1468536,69,174,1207,428.8,428.8,0,0,121
1261210,70,174,1207,432.62,433.62,0,0,122
1267422,71,174,1207,452.99,453.99,0,0,161
1344480,72,174,1207,442.38,440.38,0,0,55
1241886,73,174,1207,447.23,446.23,0,0,69
1199870,74,174,1207,452.05,453.05,0,0,95
1275975,75,174,1207,454.93,456.93,0,0,68
1244073,76,174,1207,459.84,459.84,0,0,96
1034834,77,174,1207,466.63,466.63,0,0,96
1245274,78,174,1207,466.63,466.63,0,0,54
1108233,79,174,1207,466.63,466.63,0,0,81
1119221,80,174,1207,388,466.63,0,0,189
1167434,81,174,1207,388,464.63,0,0,95
1459189,82,174,1207,384.15,466.63,0,0,203
1262187,83,174,1207,406.49,464.63,0,0,161
1309399,84,174,1207,389,464.63,0,0,94
1140742,85,174,1207,368.66,465.63,0,0,148
1355486,86,174,1207,376.42,376.42,0,0,95
1233532,87,174,1207,369.6,370.6,0,0,121
1154415,88,174,1207,373.51,372.51,0,0,175
1235383,89,174,1207,371.51,372.51,0,0,96
1161452,90,174,1207,388,388,0,0,68
1197275,91,174,1207,302.64,389,0,0,94
1356959,92,174,1207,314.31,390,0,0,122
1216915,93,174,1207,316.28,388,0,0,95
1156743,94,174,1207,321.13,388,0,0,109
1297096,95,174,1207,347.26,389,0,0,217
1006357,96,174,1207,322.1,388,0,0,242
1341528,97,174,1207,324.04,324.04,0,0,296
1142206,98,174,1207,321.1,321.1,0,0,149
1314718,99,174,1207,321.1,320.1,0,0,163
1149539,100,174,1207,318.19,319.19,0,0,244
1364051,101,174,1207,320.13,319.19,1,0,312
1087657,102,174,1207,321.1,318.19,0,1,432
1360455,103,174,1207,323.07,318.19,0,1,283
1465820,104,174,1207,323.04,317.19,0,1,69
1120619,105,174,1207,316.25,318.19,0,1,230
1481180,106,174,1207,444.26,444.26,0,0,41
1149167,108,174,1207,494.73,495.73,0,0,41
1117508,109,174,1207,497.64,498.64,0,0,80
1109438,110,174,1207,323.07,497.64,0,1,365
1199914,111,174,1207,333.68,498.64,1,1,365
1454932,112,174,1207,315.28,498.64,0,0,391
1065627,113,174,1207,348.26,498.64,0,0,176
1014020,114,174,1207,344.41,498.64,0,0,136
1379298,115,174,1207,338.59,496.64,0,0,107
1441367,116,174,1207,375.39,496.64,0,0,94
1209118,117,174,1207,385.12,386.12,0,0,122
1270262,118,174,1207,384.15,384.15,0,0,108
1368974,119,174,1207,389,389,0,0,13
1102062,120,174,1207,390,390,0,0,121
1024643,121,174,1207,325.98,390,1,0,162
1347052,122,174,1207,514.13,514.13,0,0,41
1366478,124,174,1207,390,513.13,0,0,41
1048492,125,174,1207,383.15,513.13,0,0,109
1136193,126,174,1207,402.58,515.13,0,0,109
1052412,127,174,1207,382.24,514.13,0,0,161
1306849,128,174,1207,388,515.13,0,0,96
1296356,129,174,1207,341.47,514.13,1,1,378
1111601,130,174,1207,339.53,515.13,0,1,243
1094564,131,174,1207,348.29,515.13,0,1,297
1096391,132,174,1207,337.62,515.13,0,0,283
1406058,133,174,1207,385.12,386.12,0,0,107
1295743,134,174,1207,383.15,385.15,0,0,107
1464882,135,174,1207,381.21,382.21,0,0,68
1416459,136,174,1207,388,389,0,0,149
1476643,137,174,1207,388,389,0,0,96
1331961,138,174,1207,382.24,381.24,0,0,54
1469160,140,174,1207,386.09,386.09,0,0,176
1191076,141,174,1207,380.3,380.3,0,0,54
1425914,142,174,1207,385.09,385.09,0,0,163
1137169,143,174,1207,384.12,385.12,0,0,134
1206067,144,174,1207,357.99,355.99,0,0,82
1230570,145,174,1207,390,389,0,0,134
1404813,1,174,1230,322.07,377.33,0,1,688
1277034,2,174,1230,319.16,378.33,0,1,473
1314081,3,174,1230,325.95,379.33,1,1,661
1184233,4,174,1230,322.1,377.33,0,1,553
1077425,5,174,1230,385.09,386.09,0,0,190
1474816,6,174,1230,388,390,0,0,123
1188344,7,174,1230,383.15,385.15,0,0,216
1206075,8,174,1230,376.36,378.36,0,0,28
1006119,9,174,1230,389,390,0,0,41
1446320,10,174,1230,388,388,0,0,108
1485240,11,174,1230,390,389,0,0,229
1432510,12,174,1230,374.45,375.45,0,0,148
1431422,13,174,1230,385.12,384.12,0,0,256
1077537,14,174,1230,321.1,386.12,1,1,378
1275457,15,174,1230,320.1,386.12,0,1,433
1286375,16,174,1230,323.04,384.12,0,1,433
1096864,17,174,1230,321.13,386.12,1,1,501
1106067,18,174,1230,329.83,385.12,1,1,460
1320084,19,174,1230,389,390,0,0,55
1030282,20,174,1230,390,390,0,0,42
1304542,21,174,1230,385.12,386.12,0,0,135
1443819,22,174,1230,388,390,0,0,136
1006009,23,174,1230,390,388,0,0,81
1315488,24,174,1230,383.21,383.21,0,0,149
1339346,25,174,1230,389,388,0,0,42
1048645,26,174,1230,388,389,0,0,109
1037555,27,174,1230,390,388,0,0,81
1285744,28,174,1230,388,390,0,0,81
1345603,29,174,1230,383.21,383.21,0,0,149
1307484,30,174,1230,389,390,0,0,68
1217922,31,174,1230,390,389,0,0,82
1166361,32,174,1230,374.48,373.48,0,0,202
1333150,33,174,1230,335.65,373.48,1,1,231
1111581,34,174,1230,333.71,374.48,0,1,215
1080890,35,174,1230,476.33,475.33,0,0,67
1069254,36,174,1230,476.33,474.33,0,0,136
1454028,38,174,1230,474.33,474.33,0,0,27
1049363,40,174,1230,420.04,476.33,0,0,94
1480548,41,174,1230,474.33,475.33,0,0,68
1232108,42,174,1230,474.33,476.33,0,0,82
1205450,43,174,1230,474.33,476.33,0,0,95
1446990,44,174,1230,469.48,470.48,0,0,42
1378194,45,174,1230,366.69,469.48,0,0,26
1390324,46,174,1230,333.74,470.48,0,0,53
1216276,47,174,1230,432.62,433.62,0,0,95
1427507,48,174,1230,475.33,475.33,0,0,161
1478746,49,174,1230,278.39,474.33,1,1,879
1339691,50,174,1230,287.12,476.33,0,1,715
1205448,51,174,1230,291.06,474.33,1,1,472
1055952,52,174,1230,288.12,476.33,1,1,932
1261721,53,174,1230,289.09,476.33,0,0,877
1051318,54,174,1230,284.21,475.33,0,1,257
1373177,55,174,1230,323.98,474.33,0,1,310
1286045,56,174,1230,474.33,475.33,0,0,42
1078574,57,174,1230,466.63,465.63,0,0,81
1064020,58,174,1230,464.63,466.63,0,0,108
1390505,59,174,1230,403.55,465.63,0,0,107
1228783,60,174,1230,470.51,470.51,0,0,163
1075275,61,174,1230,433.59,434.59,0,0,42
1424821,62,174,1230,465.63,465.63,0,0,13
1290776,63,174,1230,417.13,464.63,0,0,13
1102676,64,174,1230,464.63,466.63,0,0,80
1460726,65,174,1230,362.81,465.63,0,1,487
1386146,66,174,1230,381.27,464.63,0,1,96
1476097,67,174,1230,355.08,464.63,0,1,310
1496053,68,174,1230,465.63,465.63,0,0,150
1234379,69,174,1230,450.11,450.11,0,0,122
1186946,70,174,1230,436.56,434.56,0,0,202
1489418,71,174,1230,443.32,443.32,0,0,204
1066540,72,174,1230,442.38,442.38,0,0,54
1032661,73,174,1230,455.96,453.96,0,0,123
1337415,74,174,1230,464.63,465.63,0,0,67
1345236,75,174,1230,466.63,465.63,0,0,55
1299431,76,174,1230,464.63,466.63,0,0,26
1313123,77,174,1230,453.96,455.96,0,0,121
1406859,78,174,1230,454.99,453.99,0,0,107
1438951,79,174,1230,465.63,464.63,0,0,95
1469880,80,174,1230,388,465.63,0,0,163
1330923,81,174,1230,370.6,465.63,0,0,81
1428835,82,174,1230,389,466.63,0,0,189
1125209,83,174,1230,380.27,465.63,0,0,148
1246192,84,174,1230,371.51,464.63,0,0,80
1438550,85,174,1230,356.99,466.63,0,0,121
1466189,86,174,1230,377.33,378.33,0,0,188
1197677,87,174,1230,370.54,370.54,0,0,122
1498442,88,174,1230,374.45,373.45,0,0,162
1479612,89,174,1230,372.51,373.51,0,0,175
1073486,90,174,1230,376.36,376.36,0,0,68
1436938,91,174,1230,324.04,377.36,0,0,244
1411323,92,174,1230,297.82,376.36,0,0,162
1397115,93,174,1230,318.16,377.36,0,0,231
1314573,94,174,1230,308.46,376.36,0,0,203
1392894,95,174,1230,323.98,376.36,0,0,135
1090730,96,174,1230,334.65,378.36,0,0,231
1429557,97,174,1230,315.25,317.25,0,0,284
1404684,98,174,1230,323.01,323.01,0,0,109
1377420,99,174,1230,323.07,321.07,0,0,269
1122424,100,174,1230,325.98,323.98,0,0,190
1156834,101,174,1230,318.19,325.98,1,0,297
1479326,102,174,1230,319.16,323.98,0,1,487
1110400,103,174,1230,335.68,324.98,0,1,365
1446408,104,174,1230,325.98,323.98,0,0,108
1407992,105,174,1230,321.1,325.98,0,1,431
1181374,106,174,1230,502.49,502.49,0,0,53
1123388,107,174,1230,505.43,504.43,0,0,67
1360135,108,174,1230,461.78,460.78,0,0,27
1205484,109,174,1230,490.88,490.88,0,0,81
1346613,110,174,1230,321.1,490.88,0,1,405
1036721,111,174,1230,319.19,490.88,1,1,391
1467772,112,174,1230,320.13,489.88,0,1,527
1206405,113,174,1230,352.11,488.88,0,0,216
1444247,114,174,1230,344.35,488.88,0,0,190
1366435,115,174,1230,337.56,489.88,0,0,108
1099175,116,174,1230,358.93,489.88,0,0,108
1384991,117,174,1230,387.09,488.88,0,0,175
1035900,118,174,1230,386.12,384.12,0,0,150
1390283,119,174,1230,397.76,395.76,0,0,80
1200748,120,174,1230,385.09,385.09,0,0,188
1454880,121,174,1230,323.01,386.09,1,0,244
1204149,122,174,1230,503.49,501.49,0,0,67
1282062,123,174,1230,514.13,515.13,0,0,53
1467178,124,174,1230,403.52,513.13,0,0,108
1273935,125,174,1230,389,513.13,0,0,148
1072093,126,174,1230,385.09,514.13,0,0,162
1367855,127,174,1230,382.24,514.13,0,0,175
1394639,128,174,1230,374.42,513.13,0,0,96
1288160,129,174,1230,336.62,515.13,1,0,285
1313278,130,174,1230,339.53,515.13,0,0,256
1105538,131,174,1230,339.56,337.56,0,0,366
1424062,132,174,1230,352.17,352.17,0,0,230
1446633,133,174,1230,389,388,0,0,109
1447269,134,174,1230,388.06,387.06,0,0,231
1367703,135,174,1230,380.27,381.27,0,0,203
1351832,136,174,1230,385.15,384.15,0,0,148
1067269,137,174,1230,385.09,386.09,0,0,175
1217216,138,174,1230,389,388,0,0,27
1453732,139,174,1230,380.27,380.27,0,0,26
1397543,140,174,1230,377.33,377.33,0,0,95
1331072,141,174,1230,373.48,372.48,0,0,134
1062367,142,174,1230,388,390,0,0,14
1153032,143,174,1230,382.21,381.21,0,0,230
1035542,144,174,1230,377.39,375.39,0,0,123
1437267,145,174,1230,377.39,375.39,0,0,121
1423691,1,174,2322,325.98,384.12,0,1,931
1101217,2,174,2322,317.19,384.12,0,1,890
1358075,3,174,2322,323.07,385.12,1,1,782
1442985,4,174,2322,326.92,385.12,0,1,756
1481234,5,174,2322,377.39,377.39,0,0,365
1173132,6,174,2322,388.06,388.06,0,0,229
1369091,7,174,2322,388.06,387.06,0,0,216
1237637,8,174,2322,384.18,384.18,0,0,122
1499201,9,174,2322,388,390,0,0,176
1170197,10,174,2322,388,390,0,0,203
1211675,11,174,2322,386.06,386.06,0,0,283
1108766,12,174,2322,383.15,385.15,0,0,351
1386262,13,174,2322,388.03,387.03,0,0,377
1236476,14,174,2322,322.1,388.03,1,1,581
1407962,15,174,2322,319.13,389.03,0,1,811
1196086,16,174,2322,322.04,389.03,0,1,729
1023281,17,174,2322,327.86,389.03,1,1,960
1153043,18,174,2322,317.25,389.03,1,1,729
1085568,19,174,2322,381.24,381.24,0,0,202
1162827,20,174,2322,381.27,381.27,0,0,177
1135389,21,174,2322,375.42,374.42,0,0,270
1120333,22,174,2322,380.24,382.24,0,0,352
1010834,23,174,2322,386.06,386.06,0,0,243
1206402,24,174,2322,384.18,382.18,0,0,258
1045713,25,174,2322,383.18,383.18,0,0,256
1431074,26,174,2322,383.15,384.15,0,0,203
1289561,27,174,2322,386.09,387.09,0,0,189
1021206,28,174,2322,384.15,383.15,0,0,325
1270136,29,174,2322,385.09,386.09,0,0,312
1228360,30,174,2322,383.18,383.18,0,0,446
1059599,31,174,2322,391.94,391.94,0,0,269
1115093,32,174,2322,373.48,374.48,0,0,311
1324475,33,174,2322,327.86,372.48,1,1,647
1366707,34,174,2322,337.56,372.48,0,1,474
1377945,35,174,2322,463.66,465.66,0,0,216
1102669,36,174,2322,468.51,470.51,0,0,337
1062231,37,174,2322,459.84,459.84,0,0,80
1481838,38,174,2322,424.92,422.92,0,0,215
1431438,39,174,2322,450.08,450.08,0,0,42
1187440,40,174,2322,475.33,476.33,0,0,67
1095544,41,174,2322,478.27,477.27,0,0,257
1149588,42,174,2322,439.44,440.44,0,0,257
1019756,43,174,2322,474.33,475.33,0,0,135
1094165,44,174,2322,463.66,465.66,0,0,271
1473373,45,174,2322,452.08,450.08,0,0,163
1175604,46,174,2322,475.33,474.33,0,0,54
1137301,47,174,2322,445.29,445.29,0,0,148
1464182,48,174,2322,471.45,470.45,0,0,298
1165361,49,174,2322,289.12,472.45,1,1,1365
1035716,50,174,2322,288.12,472.45,0,1,1403
1339592,51,174,2322,287.15,471.45,1,1,1053
1493698,52,174,2322,287.12,472.45,1,1,1430
1022359,53,174,2322,290.09,472.45,0,1,1592
1035585,54,174,2322,292,472.45,0,1,1203
1362713,55,174,2322,312.37,470.45,0,1,580
1243004,56,174,2322,473.42,473.42,0,0,203
1471987,57,174,2322,458.84,459.84,0,0,312
1292503,58,174,2322,457.84,457.84,0,0,283
1012152,59,174,2322,463.69,464.69,0,0,365
1112155,60,174,2322,437.53,436.53,0,0,135
1126813,61,174,2322,404.55,402.55,0,0,189
1463278,62,174,2322,446.26,445.26,0,0,41
1151434,64,174,2322,459.81,458.81,0,0,108
1413502,65,174,2322,363.78,458.81,0,1,674
1059375,66,174,2322,353.14,459.81,0,1,244
1349428,67,174,2322,363.81,460.81,0,1,595
1429501,68,174,2322,459.78,460.78,0,0,269
1270942,69,174,2322,459.84,458.84,0,0,285
1074142,70,174,2322,423.92,423.92,0,0,188
1353340,71,174,2322,457.87,458.87,0,0,258
1466163,72,174,2322,458.84,457.84,0,0,188
1020890,73,174,2322,451.08,450.08,0,0,135
1196436,74,174,2322,449.11,449.11,0,0,163
1044381,75,174,2322,450.11,450.11,0,0,123
1102108,76,174,2322,450.11,450.11,0,0,123
1025369,77,174,2322,451.08,452.08,0,0,135
1162012,78,174,2322,432.62,434.62,0,0,122
1417987,79,174,2322,465.63,466.63,0,0,81
1248495,80,174,2322,385.09,465.63,0,0,323
1416884,81,174,2322,378.33,464.63,0,0,189
1068875,82,174,2322,385.15,465.63,0,0,433
1277962,83,174,2322,395.82,466.63,0,0,298
1135868,84,174,2322,381.21,464.63,0,0,324
1318076,85,174,2322,364.78,464.63,0,0,231
1225720,86,174,2322,368.66,367.66,0,0,135
1465736,87,174,2322,374.48,374.48,0,0,364
1284182,88,174,2322,373.48,372.48,0,0,377
1186608,89,174,2322,379.33,379.33,0,0,204
1401762,90,174,2322,352.17,350.17,0,0,109
1494260,91,174,2322,315.25,350.17,0,0,190
1084516,92,174,2322,301.67,350.17,0,0,296
1399309,93,174,2322,311.43,352.17,0,0,269
1420367,94,174,2322,312.37,351.17,0,0,243
1050382,95,174,2322,319.19,319.19,0,0,351
1464833,96,174,2322,324.01,325.01,0,0,458
1190939,97,174,2322,331.74,331.74,0,0,365
1396334,98,174,2322,315.28,316.28,0,0,338
1058881,99,174,2322,314.28,315.28,0,0,338
1275789,100,174,2322,316.25,317.25,0,0,351
1387025,101,174,2322,323.04,316.25,1,0,433
1318516,102,174,2322,316.22,315.25,0,1,755
1033756,103,174,2322,321.13,317.25,0,1,486
1371507,104,174,2322,320.1,315.25,0,1,123
1074127,105,174,2322,320.13,315.25,0,1,755
1160286,106,174,2322,488.88,489.88,0,0,108
1371470,107,174,2322,494.73,493.73,0,0,81
1326517,108,174,2322,501.49,502.49,0,0,55
1047261,109,174,2322,492.82,492.82,0,0,148
1127811,110,174,2322,316.22,491.82,0,1,892
1126162,111,174,2322,325.01,491.82,1,1,743
1326320,112,174,2322,320.1,492.82,0,1,960
1108907,113,174,2322,342.41,492.82,0,0,312
1265630,114,174,2322,350.2,490.82,0,0,351
1382753,115,174,2322,353.08,491.82,0,0,258
1100912,116,174,2322,345.38,492.82,0,0,217
1000785,117,174,2322,379.27,492.82,0,0,257
1288004,118,174,2322,382.18,382.18,0,0,269
1228784,119,174,2322,386.06,386.06,0,0,296
1415823,120,174,2322,376.42,374.42,0,0,298
1163080,121,174,2322,325.95,376.42,1,1,310
1408639,122,174,2322,513.13,513.13,0,0,95
1390336,123,174,2322,513.13,515.13,0,0,53
1269246,124,174,2322,391.91,514.13,0,0,203
1402243,125,174,2322,385.15,513.13,0,0,257
1407803,126,174,2322,385.15,513.13,0,0,296
1263464,127,174,2322,383.18,514.13,0,0,351
1193909,128,174,2322,388,513.13,0,0,109
1258508,129,174,2322,338.59,515.13,1,0,528
1094925,130,174,2322,335.68,514.13,0,0,325
1272518,131,174,2322,338.56,338.56,0,0,393
1068741,132,174,2322,339.56,338.56,0,0,512
1196526,133,174,2322,388.06,388.06,0,0,270
1283826,134,174,2322,386.12,384.12,0,0,203
1420438,135,174,2322,380.27,379.27,0,0,351
1267131,136,174,2322,383.21,383.21,0,0,323
1382231,137,174,2322,390.94,389.94,0,0,270
1187513,138,174,2322,383.15,384.15,0,0,96
1071102,139,174,2322,383.21,381.21,0,0,94
1260862,140,174,2322,385.15,385.15,0,0,351
1129408,141,174,2322,383.21,383.21,0,0,216
1356229,142,174,2322,383.18,383.18,0,0,229
1185296,143,174,2322,378.36,376.36,0,0,177
1476612,144,174,2322,372.48,372.48,0,0,271
1249172,145,174,2322,387.09,386.09,0,0,163
