files/174.csv
id,week,center_id,meal_id,checkout_price,base_price,emailer_for_promotion,homepage_featured,num_orders
1215764,23,174,2490,254.2,253.2,0,0,134
1073665,24,174,2490,252.2,252.2,0,0,474
1082522,25,174,2490,252.2,254.2,0,0,458
1221317,26,174,2490,253.2,252.2,0,0,607
1078966,27,174,2490,253.2,252.2,0,0,378
1284626,28,174,2490,254.2,252.2,0,0,554
1445045,29,174,2490,252.2,252.2,0,0,555
1037235,30,174,2490,254.2,254.2,0,0,351
1439579,31,174,2490,193.03,252.2,1,1,1675
1107445,32,174,2490,252.26,252.26,0,0,472
1341828,33,174,2490,253.2,254.2,0,0,473
1054212,34,174,2490,253.2,252.2,0,0,690
1182660,35,174,2490,252.2,254.2,0,0,608
1493226,36,174,2490,254.2,254.2,0,0,568
1337570,37,174,2490,253.2,252.2,0,0,377
1335089,38,174,2490,251.26,251.26,0,0,485
1283259,39,174,2490,253.2,254.2,0,0,501
1095413,40,174,2490,252.2,254.2,0,0,445
1258511,41,174,2490,225.04,253.2,0,0,474
1146048,42,174,2490,169.81,253.2,1,1,1336
1434942,43,174,2490,252.2,254.2,0,0,485
1429682,44,174,2490,254.2,252.2,0,0,636
1413806,45,174,2490,250.29,249.29,0,0,554
1189767,46,174,2490,254.2,253.2,0,0,555
1463139,47,174,2490,253.2,254.2,0,0,432
1288562,48,174,2490,193.09,254.2,1,1,2200
1056543,49,174,2490,194.03,252.2,0,0,1121
1212578,50,174,2490,250.26,250.26,0,0,350
1162303,51,174,2490,252.2,253.2,0,0,350
1057716,52,174,2490,194,253.2,1,1,1282
1075501,53,174,2490,195,254.2,0,0,1228
1118640,54,174,2490,253.2,252.2,0,0,431
1262718,55,174,2490,253.2,254.2,0,0,622
1338270,56,174,2490,253.2,254.2,0,0,446
1345344,57,174,2490,254.2,253.2,0,0,310
1099572,58,174,2490,254.2,252.2,0,0,420
1363286,59,174,2490,254.2,254.2,0,0,364
1106534,60,174,2490,254.2,252.2,0,0,296
1432141,61,174,2490,253.2,252.2,0,0,231
1086332,62,174,2490,253.2,252.2,0,0,230
1319530,63,174,2490,254.2,254.2,0,0,270
1490272,64,174,2490,253.2,254.2,0,0,242
1172945,65,174,2490,151.32,254.2,1,1,1944
1044137,66,174,2490,252.23,251.23,0,0,256
1140164,67,174,2490,254.2,253.2,0,0,150
1315623,68,174,2490,253.2,252.2,0,0,284
1217920,69,174,2490,253.2,252.2,0,0,244
1393601,70,174,2490,253.2,254.2,0,0,283
1362677,71,174,2490,254.2,254.2,0,0,338
1267019,72,174,2490,254.2,252.2,0,0,566
1318064,73,174,2490,252.2,254.2,0,0,323
1472961,74,174,2490,252.2,253.2,0,0,270
1015405,75,174,2490,253.2,253.2,0,0,609
1445675,76,174,2490,147.5,254.2,1,1,2457
1268626,77,174,2490,147.5,253.2,0,1,2105
1163930,78,174,2490,147.47,254.2,1,1,1687
1497271,79,174,2490,147.47,254.2,1,1,1768
1089863,80,174,2490,209.58,254.2,0,0,593
1410301,81,174,2490,215.4,253.2,0,0,474
1121705,82,174,2490,214.4,253.2,0,0,377
1229748,83,174,2490,329.83,330.83,0,0,95
1144641,84,174,2490,328.83,329.83,0,0,149
1357206,85,174,2490,192.12,330.83,0,0,473
1209526,86,174,2490,195.03,330.83,0,0,798
1144592,87,174,2490,192.09,330.83,0,0,796
1163293,88,174,2490,193.03,328.83,0,0,661
1169702,89,174,2490,280.36,329.83,0,0,337
1020931,90,174,2490,194.06,330.83,1,1,1122
1121662,91,174,2490,195.03,328.83,1,1,1120
1337879,92,174,2490,281.36,330.83,0,0,393
1496311,93,174,2490,280.36,279.36,0,0,420
1470948,94,174,2490,195.97,279.36,1,1,1269
1465724,95,174,2490,280.36,279.36,0,0,215
1030502,96,174,2490,281.36,280.36,0,0,297
1363244,97,174,2490,280.36,281.36,0,0,339
1403634,98,174,2490,279.36,279.36,0,0,296
1005114,99,174,2490,280.36,281.36,0,0,352
1154223,100,174,2490,257.08,256.08,0,0,621
1277800,101,174,2490,281.36,279.36,0,0,539
1466135,102,174,2490,274.54,273.54,0,0,324
1382523,103,174,2490,280.36,279.36,0,0,270
1022858,104,174,2490,280.36,280.36,0,0,447
1373682,105,174,2490,280.36,280.36,0,0,431
1073003,106,174,2490,281.36,279.36,0,0,500
1167918,107,174,2490,275.48,275.48,0,0,514
1349880,108,174,2490,281.36,279.36,0,0,283
1482159,109,174,2490,253.17,253.17,0,0,284
1099769,110,174,2490,229.95,228.95,0,0,189
1352101,111,174,2490,277.48,275.48,0,0,269
1447770,112,174,2490,291.03,292.03,0,0,339
1043164,113,174,2490,279.36,281.36,0,0,352
1005932,114,174,2490,292.03,292.03,0,0,311
1103289,115,174,2490,291.03,292.03,0,0,270
1362611,116,174,2490,292.03,291.03,0,0,177
1191803,117,174,2490,184.33,290.03,1,1,2147
1103667,118,174,2490,183.36,292.03,1,1,1970
1037598,119,174,2490,292.03,290.03,0,0,365
1028452,120,174,2490,290.03,291.03,0,0,161
1473763,121,174,2490,291.03,290.03,0,0,162
1024628,122,174,2490,291.03,292.03,0,0,243
1132485,123,174,2490,291.03,292.03,0,0,122
1343929,124,174,2490,273.6,272.6,0,0,217
1484682,125,174,2490,190.12,273.6,1,1,1364
1479500,126,174,2490,243.47,273.6,1,0,486
1359873,127,174,2490,290.03,291.03,0,0,324
1204635,128,174,2490,291.03,290.03,0,0,271
1298402,129,174,2490,290.03,290.03,0,0,177
1145933,130,174,2490,292.03,290.03,0,0,485
1041366,131,174,2490,292.03,290.03,0,0,527
1376499,132,174,2490,292.03,292.03,0,0,352
1175526,133,174,2490,290.03,290.03,0,0,324
1277830,134,174,2490,290.03,291.03,0,0,296
1477514,135,174,2490,275.54,273.54,0,0,472
1477457,136,174,2490,280.39,279.39,0,0,418
1073673,137,174,2490,267.72,267.72,0,0,351
1029338,138,174,2490,290.03,291.03,0,0,366
1119624,139,174,2490,290.03,290.03,0,0,445
1019341,140,174,2490,235.77,292.03,1,1,622
1108667,141,174,2490,290.09,289.09,0,0,337
1364987,142,174,2490,290.03,292.03,0,0,405
1106010,143,174,2490,290.09,288.09,0,0,418
1078994,144,174,2490,290.03,292.03,0,0,365
1048069,145,174,2490,292.03,290.03,0,0,339
1204647,27,174,2569,262.93,260.93,0,0,136
1112374,28,174,2569,362.81,361.81,0,0,80
1103277,29,174,2569,363.81,363.81,0,0,188
1261346,30,174,2569,363.81,363.81,0,0,136
1061596,31,174,2569,361.81,363.81,0,0,379
1187724,32,174,2569,363.81,362.81,0,0,202
1039179,33,174,2569,362.81,363.81,0,0,134
1438325,34,174,2569,362.81,363.81,0,0,134
1467790,35,174,2569,363.81,362.81,0,0,163
1452468,36,174,2569,361.81,363.81,0,0,136
1107375,37,174,2569,244.5,361.81,0,1,553
1075965,38,174,2569,361.81,363.81,0,0,175
1494670,39,174,2569,363.81,361.81,0,0,121
1413091,40,174,2569,363.81,361.81,0,0,162
1497352,41,174,2569,342.44,341.44,0,0,244
1079805,42,174,2569,335.65,334.65,0,0,391
1197367,43,174,2569,361.81,361.81,0,0,149
1329298,44,174,2569,361.81,363.81,0,0,162
1072195,45,174,2569,362.81,363.81,0,0,189
1102368,46,174,2569,362.81,363.81,0,0,41
1045830,47,174,2569,359.93,358.93,0,0,134
1025499,48,174,2569,361.81,361.81,0,0,243
1011556,49,174,2569,363.81,361.81,0,0,204
1460220,50,174,2569,361.81,362.81,0,0,215
1240267,51,174,2569,363.81,362.81,0,0,123
1124176,52,174,2569,363.81,362.81,0,0,161
1314634,53,174,2569,362.81,362.81,0,0,176
1038219,54,174,2569,363.81,361.81,0,0,350
1013955,55,174,2569,362.81,361.81,0,0,325
1076384,56,174,2569,262.9,363.81,1,0,1162
1122785,57,174,2569,260.93,362.81,1,0,1338
1165298,58,174,2569,356.96,356.96,0,0,283
1499196,59,174,2569,363.81,362.81,0,0,161
1271636,60,174,2569,314.31,363.81,0,0,271
1401001,61,174,2569,316.22,361.81,0,0,621
1104826,62,174,2569,313.31,361.81,0,0,269
1164009,63,174,2569,311.43,361.81,0,0,485
1191804,64,174,2569,315.31,361.81,0,0,338
1115348,65,174,2569,362.81,363.81,0,0,269
1113354,66,174,2569,362.81,363.81,0,0,230
1058699,67,174,2569,363.81,363.81,0,0,379
1400849,68,174,2569,363.81,361.81,0,0,148
1274674,69,174,2569,361.81,363.81,0,0,324
1233971,70,174,2569,363.81,363.81,0,0,82
1307073,71,174,2569,344.35,344.35,0,0,285
1153876,72,174,2569,362.81,363.81,0,0,339
1324775,73,174,2569,361.81,362.81,0,0,297
1267235,74,174,2569,361.81,363.81,0,0,242
1463101,75,174,2569,344.38,344.38,0,0,242
1307170,76,174,2569,361.81,363.81,0,0,149
1181390,77,174,2569,353.08,354.08,0,0,256
1198187,78,174,2569,361.81,362.81,0,0,242
1400473,79,174,2569,362.81,363.81,0,0,230
1383532,80,174,2569,361.81,361.81,0,0,96
1153912,81,174,2569,363.81,361.81,0,0,242
1030983,82,174,2569,244.47,362.81,1,0,1377
1413693,83,174,2569,305.55,361.81,0,0,432
1207883,84,174,2569,295.85,362.81,0,0,473
1230734,85,174,2569,315.28,361.81,0,0,284
1287875,86,174,2569,312.34,363.81,0,0,404
1038552,87,174,2569,315.28,362.81,0,0,447
1119848,88,174,2569,316.28,363.81,0,0,134
1373327,89,174,2569,314.28,314.28,0,0,109
1108231,90,174,2569,315.28,316.28,0,0,419
1406044,91,174,2569,314.28,316.28,0,0,284
1442034,92,174,2569,312.34,313.34,0,0,582
1038705,93,174,2569,309.46,308.46,0,0,499
1371010,94,174,2569,309.46,308.46,0,0,324
1407076,95,174,2569,308.46,310.46,0,0,352
1365582,96,174,2569,298.82,298.82,0,0,366
1397019,97,174,2569,308.46,308.46,0,0,419
1321736,98,174,2569,295.88,296.88,0,0,377
1386221,99,174,2569,310.46,309.46,0,0,365
1089772,100,174,2569,303.67,302.67,0,0,581
1088434,101,174,2569,308.46,308.46,0,0,526
1292437,102,174,2569,310.46,310.46,0,0,420
1086972,103,174,2569,293.94,293.94,0,0,216
1117890,104,174,2569,304.64,303.64,0,0,500
1040413,105,174,2569,303.64,302.64,0,0,580
1445846,106,174,2569,302.64,302.64,0,0,406
1070055,107,174,2569,299.73,301.73,0,0,620
1036797,108,174,2569,298.76,298.76,0,0,540
1116600,109,174,2569,302.67,303.67,0,0,730
1461490,110,174,2569,294.91,294.91,0,0,460
1013944,111,174,2569,303.64,304.64,0,0,445
1116774,112,174,2569,297.85,295.85,0,0,621
1291989,113,174,2569,291.97,292.97,0,0,555
1304209,114,174,2569,302.64,304.64,0,0,392
1071215,115,174,2569,244.5,302.64,1,0,1336
1136617,116,174,2569,242.53,304.64,1,0,1647
1152293,117,174,2569,301.73,301.73,0,0,258
1431132,118,174,2569,287.12,287.12,0,0,269
1051511,119,174,2569,302.64,302.64,0,0,459
1337261,120,174,2569,304.64,304.64,0,0,391
1200502,121,174,2569,304.64,302.64,0,0,501
1010645,122,174,2569,304.64,303.64,0,0,541
1056318,123,174,2569,302.64,303.64,0,0,175
1178778,124,174,2569,302.64,304.64,0,0,366
1436350,125,174,2569,303.64,304.64,0,0,337
1160241,126,174,2569,304.64,302.64,0,0,377
1187175,127,174,2569,302.64,303.64,0,0,474
1409424,128,174,2569,304.64,302.64,0,0,582
1416352,129,174,2569,303.64,302.64,0,0,296
1284877,130,174,2569,303.64,304.64,0,0,323
1242921,131,174,2569,302.64,304.64,0,0,337
1340907,132,174,2569,302.64,303.64,0,0,391
1272073,133,174,2569,303.64,303.64,0,0,432
1426733,134,174,2569,304.64,303.64,0,0,351
1462752,135,174,2569,301.73,301.73,0,0,419
1050489,136,174,2569,299.79,299.79,0,0,364
1074981,137,174,2569,312.4,311.4,0,0,337
1033261,138,174,2569,324.04,323.04,0,0,351
1326524,139,174,2569,323.04,324.04,0,0,325
1150684,140,174,2569,322.04,324.04,0,0,364
1218720,141,174,2569,322.04,322.04,0,0,458
1468198,142,174,2569,322.04,322.04,0,0,405
1148356,143,174,2569,339.56,337.56,0,0,460
1378852,144,174,2569,241.53,337.56,1,0,1014
1242202,145,174,2569,243.53,339.56,0,0,581
1392891,63,174,1571,631.53,631.53,0,0,40
1423117,64,174,1571,629.53,629.53,0,0,13
1276848,65,174,1571,631.53,629.53,0,0,28
1096450,67,174,1571,630.53,630.53,0,0,81
1175093,68,174,1571,631.53,631.53,0,0,27
1184649,69,174,1571,630.53,630.53,0,0,53
1010184,70,174,1571,630.53,631.53,0,0,42
1350148,71,174,1571,630.53,630.53,0,0,28
1147542,72,174,1571,631.53,630.53,0,0,136
1308873,73,174,1571,581.03,582.03,0,0,135
1262730,74,174,1571,581.03,581.03,0,0,149
1190505,75,174,1571,581.03,581.03,0,0,94
1452318,76,174,1571,583.03,582.03,0,0,94
1399715,77,174,1571,583.03,582.03,0,0,109
1466237,78,174,1571,583.03,582.03,0,0,149
1365707,79,174,1571,585.88,586.88,0,0,136
1488015,80,174,1571,583.03,582.03,0,0,176
1172948,81,174,1571,585.88,587.88,0,0,150
1342455,82,174,1571,583.03,583.03,0,0,68
1468210,83,174,1571,582.03,582.03,0,0,176
1088534,84,174,1571,582.03,581.03,0,0,109
1224119,85,174,1571,582.03,581.03,0,0,80
1340377,86,174,1571,582.03,581.03,0,0,108
1293720,87,174,1571,581.03,581.03,0,0,122
1109657,88,174,1571,581.03,581.03,0,0,189
1090989,89,174,1571,587.85,586.85,0,0,215
1271008,90,174,1571,581.03,583.03,0,0,202
1283369,91,174,1571,583.03,581.03,0,0,121
1291629,92,174,1571,583.03,581.03,0,0,108
1497238,93,174,1571,581.03,583.03,0,0,161
1153331,94,174,1571,581.03,583.03,0,0,123
1011847,95,174,1571,583.03,583.03,0,0,204
1028894,96,174,1571,583.03,581.03,0,0,190
1462528,97,174,1571,584.94,583.94,0,0,202
1468604,98,174,1571,581.03,581.03,0,0,135
1295768,99,174,1571,581.03,583.03,0,0,148
1309025,100,174,1571,486.03,583.03,0,0,298
1453154,101,174,1571,485.03,581.03,0,0,177
1047389,102,174,1571,583.03,582.03,0,0,161
1298881,103,174,1571,583.03,582.03,0,0,55
1424419,104,174,1571,582.03,582.03,0,0,161
1184917,105,174,1571,583.03,581.03,0,0,41
1141316,106,174,1571,582.03,581.03,0,0,81
1043315,107,174,1571,583.03,583.03,0,0,28
1255995,108,174,1571,581.03,583.03,0,0,190
1351763,109,174,1571,581.03,581.03,0,0,177
1229501,110,174,1571,582.03,581.03,0,0,135
1498695,111,174,1571,581.03,581.03,0,0,150
1263262,112,174,1571,581.03,582.03,0,0,161
1321458,113,174,1571,583.03,581.03,0,0,136
1284943,114,174,1571,583.03,582.03,0,0,123
1493583,115,174,1571,583.03,582.03,0,0,67
1384439,116,174,1571,581.03,583.03,0,0,69
1423294,117,174,1571,583.03,581.03,0,0,53
1336508,118,174,1571,586.88,587.88,0,0,150
1019430,119,174,1571,583.03,582.03,0,0,69
1268565,120,174,1571,581.03,581.03,0,0,123
1497582,121,174,1571,591.76,591.76,0,0,148
1339679,122,174,1571,583.03,582.03,0,0,123
1063448,123,174,1571,588.82,587.82,0,0,95
1141094,124,174,1571,581.03,583.03,0,0,107
1454648,125,174,1571,581.03,582.03,0,0,162
1064077,126,174,1571,631.53,629.53,0,0,80
1146884,127,174,1571,631.53,631.53,0,0,107
1137910,128,174,1571,630.53,631.53,0,0,135
1296160,129,174,1571,436.53,629.53,0,0,270
1265913,130,174,1571,435.53,630.53,1,0,217
1227857,131,174,1571,436.53,629.53,1,0,256
1275581,132,174,1571,435.53,631.53,0,0,148
1423164,133,174,1571,583.03,583.03,0,0,40
1301064,134,174,1571,581.03,581.03,0,0,123
1221880,135,174,1571,583.03,583.03,0,0,135
1204738,136,174,1571,581.03,582.03,0,0,177
1388124,137,174,1571,629.53,630.53,0,0,81
1433854,138,174,1571,629.53,630.53,0,0,68
1346069,139,174,1571,490.82,631.53,0,0,296
1449890,140,174,1571,485.03,631.53,0,0,405
1253923,141,174,1571,590.73,591.73,0,0,123
1360705,142,174,1571,590.73,590.73,0,0,175
1198731,143,174,1571,592.73,592.73,0,0,161
1410423,144,174,1571,590.73,591.73,0,0,80
1155964,145,174,1571,640.23,641.23,0,0,94
1266772,63,174,2956,630.53,630.53,0,0,26
1394655,66,174,2956,629.53,629.53,0,0,28
1323807,68,174,2956,629.53,631.53,0,0,15
1302505,69,174,2956,630.53,631.53,0,0,28
1447448,70,174,2956,630.53,631.53,0,0,41
1048387,71,174,2956,631.53,631.53,0,0,55
1038004,72,174,2956,631.53,631.53,0,0,27
1436348,73,174,2956,581.03,582.03,0,0,27
1308433,74,174,2956,582.03,582.03,0,0,107
1438149,75,174,2956,581.03,583.03,0,0,41
1288532,76,174,2956,581.03,583.03,0,0,68
1209005,77,174,2956,582.03,583.03,0,0,40
1191276,78,174,2956,582.03,581.03,0,0,81
1361810,79,174,2956,581.03,582.03,0,0,26
1314120,80,174,2956,583.03,582.03,0,0,67
1063700,81,174,2956,583.03,582.03,0,0,109
1034790,82,174,2956,581.03,583.03,0,0,42
1110749,83,174,2956,582.03,582.03,0,0,27
1151427,84,174,2956,583.03,582.03,0,0,26
1495541,85,174,2956,582.03,582.03,0,0,67
1305908,86,174,2956,581.03,582.03,0,0,55
1107161,87,174,2956,581.03,582.03,0,0,68
1101045,88,174,2956,581.03,583.03,0,0,67
1063326,89,174,2956,582.03,581.03,0,0,53
1141856,90,174,2956,586.88,587.88,0,0,149
1103981,91,174,2956,583.03,583.03,0,0,55
1341720,92,174,2956,583.03,583.03,0,0,81
1341014,93,174,2956,581.03,582.03,0,0,134
1019574,94,174,2956,581.03,583.03,0,0,94
1416994,95,174,2956,581.03,581.03,0,0,53
1435333,96,174,2956,583.03,582.03,0,0,136
1164903,97,174,2956,583.03,583.03,0,0,123
1237729,98,174,2956,581.03,581.03,0,0,41
1364573,99,174,2956,583.03,581.03,0,0,68
1350122,100,174,2956,485.03,583.03,0,0,189
1246544,101,174,2956,486.03,581.03,0,0,161
1435218,102,174,2956,583.03,582.03,0,0,41
1423503,103,174,2956,582.03,583.03,0,0,15
1124136,104,174,2956,583.03,581.03,0,0,40
1308385,105,174,2956,582.03,583.03,0,0,53
1096462,106,174,2956,582.03,583.03,0,0,54
1327888,107,174,2956,583.03,583.03,0,0,15
1173828,108,174,2956,583.03,581.03,0,0,67
1346276,109,174,2956,581.03,581.03,0,0,176
1167920,110,174,2956,583.03,581.03,0,0,94
1223689,111,174,2956,581.03,583.03,0,0,96
1015502,112,174,2956,582.03,583.03,0,0,80
1155035,113,174,2956,582.03,582.03,0,0,94
1114360,114,174,2956,583.03,583.03,0,0,96
1195319,115,174,2956,581.03,581.03,0,0,67
1110843,116,174,2956,583.03,582.03,0,0,162
1056950,117,174,2956,583.03,581.03,0,0,96
1283831,118,174,2956,581.03,583.03,0,0,148
1238535,119,174,2956,583.03,581.03,0,0,14
1152552,120,174,2956,581.03,581.03,0,0,55
1242280,121,174,2956,582.03,583.03,0,0,190
1105149,122,174,2956,581.03,581.03,0,0,107
1108069,123,174,2956,581.03,581.03,0,0,107
1490065,124,174,2956,583.03,583.03,0,0,42
1075999,125,174,2956,582.03,582.03,0,0,53
1144202,126,174,2956,630.53,630.53,0,0,55
1220607,127,174,2956,631.53,630.53,0,0,94
1233450,128,174,2956,631.53,631.53,0,0,53
1244496,129,174,2956,447.23,631.53,0,1,269
1247750,130,174,2956,436.53,630.53,1,0,270
1291132,131,174,2956,436.53,629.53,1,1,269
1171878,132,174,2956,436.53,631.53,0,0,216
1126562,133,174,2956,582.03,582.03,0,0,96
1333864,134,174,2956,582.03,581.03,0,0,95
1304214,135,174,2956,581.03,583.03,0,0,162
1357777,136,174,2956,582.03,582.03,0,0,150
1433819,137,174,2956,630.53,629.53,0,0,122
1199062,138,174,2956,631.53,630.53,0,0,107
1434763,139,174,2956,486.03,631.53,0,0,231
1491144,140,174,2956,486.03,629.53,0,0,284
1030083,141,174,2956,593.64,594.64,0,0,161
1328644,142,174,2956,590.73,592.73,0,0,95
1150117,143,174,2956,591.73,590.73,0,0,123
1383528,144,174,2956,591.73,592.73,0,0,136
1018583,145,174,2956,641.23,639.23,0,0,135
